[validthemes.live/themeforest/ambrox/home-dark.html]
[backblue.gif]
[fade.gif]
[index.html]
[validthemes.live/themeforest/ambrox/assets/img/favicon.png]
[validthemes.live/themeforest/ambrox/assets/css/bootstrap.min.css]
[validthemes.live/themeforest/ambrox/assets/css/themify-icons.css]
[validthemes.live/themeforest/ambrox/assets/css/font-awesome.min.css]
[validthemes.live/themeforest/ambrox/assets/css/elegant-icons.css]
[validthemes.live/themeforest/ambrox/assets/css/flaticon-set.css]
[validthemes.live/themeforest/ambrox/assets/css/magnific-popup.css]
[validthemes.live/themeforest/ambrox/assets/css/swiper-bundle.min.css]
[validthemes.live/themeforest/ambrox/assets/css/animate.css]
[validthemes.live/themeforest/ambrox/assets/css/validnavs.css]
[validthemes.live/themeforest/ambrox/assets/css/helper.css]
[validthemes.live/themeforest/ambrox/assets/css/unit-test.css]
[validthemes.live/themeforest/ambrox/assets/css/style.css]
[validthemes.live/themeforest/ambrox/assets/img/shape/banner-2.jpg]
[validthemes.live/themeforest/ambrox/index.html]
[validthemes.live/themeforest/ambrox/assets/img/logo.png]
[validthemes.live/themeforest/ambrox/assets/img/logo-icon.png]
[validthemes.live/themeforest/ambrox/assets/img/shape/4.png]
[validthemes.live/themeforest/ambrox/assets/img/illustration/1.png]
[validthemes.live/themeforest/ambrox/assets/img/shape/7.png]
[validthemes.live/themeforest/ambrox/assets/img/icon/1.png]
[validthemes.live/themeforest/ambrox/assets/img/icon/2.png]
[validthemes.live/themeforest/ambrox/assets/img/icon/4.png]
[validthemes.live/themeforest/ambrox/assets/img/banner/5.jpg]
[validthemes.live/themeforest/ambrox/assets/img/shape/1-light.png]
[validthemes.live/themeforest/ambrox/assets/img/shape/10.png]
[validthemes.live/themeforest/ambrox/assets/img/portfolio/4.jpg]
[validthemes.live/themeforest/ambrox/assets/img/portfolio/1.jpg]
[validthemes.live/themeforest/ambrox/assets/img/portfolio/6.jpg]
[validthemes.live/themeforest/ambrox/assets/img/portfolio/5.jpg]
[validthemes.live/themeforest/ambrox/assets/img/portfolio/7.jpg]
[validthemes.live/themeforest/ambrox/assets/img/portfolio/8.jpg]
[validthemes.live/themeforest/ambrox/assets/img/banner/2.jpg]
[validthemes.live/themeforest/ambrox/assets/img/thumb/1.jpg]
[validthemes.live/themeforest/ambrox/assets/img/thumb/2.jpg]
[validthemes.live/themeforest/ambrox/assets/img/illustration/3.png]
[validthemes.live/themeforest/ambrox/assets/img/shape/14.png]
[validthemes.live/themeforest/ambrox/assets/img/shape/2.webp]
[validthemes.live/themeforest/ambrox/assets/img/logo/1-light.png]
[validthemes.live/themeforest/ambrox/assets/img/logo/2-light.png]
[validthemes.live/themeforest/ambrox/assets/img/logo/4-light.png]
[validthemes.live/themeforest/ambrox/assets/img/logo/5-light.png]
[validthemes.live/themeforest/ambrox/assets/img/logo/3-light.png]
[validthemes.live/themeforest/ambrox/assets/img/team/1.png]
[validthemes.live/themeforest/ambrox/assets/img/shape/15.png]
[validthemes.live/themeforest/ambrox/assets/img/team/2.png]
[validthemes.live/themeforest/ambrox/assets/img/shape/16-light.png]
[validthemes.live/themeforest/ambrox/assets/img/illustration/2.png]
[validthemes.live/themeforest/ambrox/assets/img/blog/1.jpg]
[validthemes.live/themeforest/ambrox/assets/img/blog/2.jpg]
[validthemes.live/themeforest/ambrox/assets/img/blog/3.jpg]
[validthemes.live/themeforest/ambrox/assets/img/banner/4.jpg]
[validthemes.live/themeforest/ambrox/assets/img/team/v5.jpg]
[validthemes.live/themeforest/ambrox/assets/img/team/v2.jpg]
[validthemes.live/themeforest/ambrox/assets/img/team/v3.jpg]
[validthemes.live/themeforest/ambrox/assets/js/jquery-3.6.0.min.js]
[validthemes.live/themeforest/ambrox/assets/js/bootstrap.bundle.min.js]
[validthemes.live/themeforest/ambrox/assets/js/jquery.appear.js]
[validthemes.live/themeforest/ambrox/assets/js/jquery.easing.min.js]
[validthemes.live/themeforest/ambrox/assets/js/jquery.magnific-popup.min.js]
[validthemes.live/themeforest/ambrox/assets/js/modernizr.custom.13711.js]
[validthemes.live/themeforest/ambrox/assets/js/swiper-bundle.min.js]
[validthemes.live/themeforest/ambrox/assets/js/wow.min.js]
[validthemes.live/themeforest/ambrox/assets/js/progress-bar.min.js]
[validthemes.live/themeforest/ambrox/assets/js/circle-progress.js]
[validthemes.live/themeforest/ambrox/assets/js/isotope.pkgd.min.js]
[validthemes.live/themeforest/ambrox/assets/js/imagesloaded.pkgd.min.js]
[validthemes.live/themeforest/ambrox/assets/js/jquery.nice-select.min.js]
[validthemes.live/themeforest/ambrox/assets/js/count-to.js]
[validthemes.live/themeforest/ambrox/assets/js/jquery.scrolla.min.js]
[validthemes.live/themeforest/ambrox/assets/js/YTPlayer.min.js]
[validthemes.live/themeforest/ambrox/assets/js/typed.js]
[validthemes.live/themeforest/ambrox/assets/js/TweenMax.min.js]
[validthemes.live/themeforest/ambrox/assets/js/validnavs.js]
[validthemes.live/themeforest/ambrox/assets/js/main.js]
[validthemes.live/themeforest/ambrox/home-dark.html]
[validthemes.live/themeforest/ambrox/assets/css/bootstrap.min.css]
[validthemes.live/themeforest/ambrox/assets/fonts/fa-brands-400.eot]
[validthemes.live/themeforest/ambrox/assets/fonts/fa-brands-400d41d.eot]
[validthemes.live/themeforest/ambrox/assets/fonts/fa-brands-400.woff2]
[validthemes.live/themeforest/ambrox/assets/fonts/fa-brands-400.woff]
[validthemes.live/themeforest/ambrox/assets/fonts/fa-brands-400.ttf]
[validthemes.live/themeforest/ambrox/assets/fonts/fa-duotone-900.woff2]
[validthemes.live/themeforest/ambrox/assets/fonts/fa-duotone-900.woff]
[validthemes.live/themeforest/ambrox/assets/fonts/fa-light-300.eot]
[validthemes.live/themeforest/ambrox/assets/fonts/fa-light-300d41d.eot]
[validthemes.live/themeforest/ambrox/assets/fonts/fa-light-300.woff2]
[validthemes.live/themeforest/ambrox/assets/fonts/fa-light-300.woff]
[validthemes.live/themeforest/ambrox/assets/fonts/fa-regular-400.eot]
[validthemes.live/themeforest/ambrox/assets/fonts/fa-regular-400d41d.eot]
[validthemes.live/themeforest/ambrox/assets/fonts/fa-regular-400.woff2]
[validthemes.live/themeforest/ambrox/assets/fonts/fa-regular-400.woff]
[validthemes.live/themeforest/ambrox/assets/fonts/fa-regular-400.ttf]
[validthemes.live/themeforest/ambrox/assets/fonts/fa-solid-900.eot]
[validthemes.live/themeforest/ambrox/assets/fonts/fa-solid-900d41d.eot]
[validthemes.live/themeforest/ambrox/assets/fonts/fa-solid-900.woff2]
[validthemes.live/themeforest/ambrox/assets/fonts/fa-solid-900.woff]
[validthemes.live/themeforest/ambrox/assets/fonts/fa-solid-900.ttf]
[validthemes.live/themeforest/ambrox/assets/css/font-awesome.min.css]
[validthemes.live/themeforest/ambrox/assets/fonts/themify9f24.eot]
[validthemes.live/themeforest/ambrox/assets/fonts/themifyd41d.eot]
[validthemes.live/themeforest/ambrox/assets/fonts/themify9f24.woff]
[validthemes.live/themeforest/ambrox/assets/fonts/themify9f24.ttf]
[validthemes.live/themeforest/ambrox/assets/css/themify-icons.css]
[validthemes.live/themeforest/ambrox/assets/fonts/themify9f24.svg]
[validthemes.live/themeforest/ambrox/assets/fonts/ElegantIcons.eot]
[validthemes.live/themeforest/ambrox/assets/fonts/ElegantIconsd41d.eot]
[validthemes.live/themeforest/ambrox/assets/fonts/ElegantIcons.woff]
[validthemes.live/themeforest/ambrox/assets/fonts/ElegantIcons.ttf]
[validthemes.live/themeforest/ambrox/assets/fonts/ElegantIcons.svg]
[validthemes.live/themeforest/ambrox/assets/css/elegant-icons.css]
[validthemes.live/themeforest/ambrox/assets/fonts/flaticon.eot]
[validthemes.live/themeforest/ambrox/assets/fonts/flaticond41d.eot]
[validthemes.live/themeforest/ambrox/assets/fonts/flaticon.woff]
[validthemes.live/themeforest/ambrox/assets/fonts/flaticon.ttf]
[validthemes.live/themeforest/ambrox/assets/css/flaticon-set.css]
[validthemes.live/themeforest/ambrox/assets/css/magnific-popup.css]
[validthemes.live/themeforest/ambrox/assets/css/swiper-bundle.min.css]
[validthemes.live/themeforest/ambrox/assets/css/animate.css]
[validthemes.live/themeforest/ambrox/assets/css/validnavs.css]
[validthemes.live/themeforest/ambrox/assets/css/helper.css]
[validthemes.live/themeforest/ambrox/assets/css/unit-test.css]
[validthemes.live/themeforest/ambrox/assets/img/shape/9.png]
[validthemes.live/themeforest/ambrox/assets/css/style.css]
[validthemes.live/themeforest/ambrox/assets/fonts/flaticon.svg]
[validthemes.live/themeforest/ambrox/assets/img/shape/banner-1.jpg]
[validthemes.live/themeforest/ambrox/assets/img/shape/1.webp]
[validthemes.live/themeforest/ambrox/assets/img/logo/1.png]
[validthemes.live/themeforest/ambrox/assets/img/logo/2.png]
[validthemes.live/themeforest/ambrox/assets/img/logo/4.png]
[validthemes.live/themeforest/ambrox/assets/img/logo/5.png]
[validthemes.live/themeforest/ambrox/assets/img/logo/3.png]
[validthemes.live/themeforest/ambrox/assets/img/shape/16.png]
[validthemes.live/themeforest/ambrox/index.html]
[validthemes.live/themeforest/ambrox/$.html]
[validthemes.live/themeforest/ambrox/assets/fonts/fa-brands-400.html]
[validthemes.live/themeforest/ambrox/assets/fonts/fa-duotone-900.html]
[validthemes.live/themeforest/ambrox/assets/fonts/fa-duotone-900d41d.html]
[validthemes.live/themeforest/ambrox/assets/fonts/fa-duotone-901.html]
[validthemes.live/themeforest/ambrox/assets/fonts/fa-duotone-902.html]
[validthemes.live/themeforest/ambrox/assets/fonts/fa-light-300.html]
[validthemes.live/themeforest/ambrox/assets/fonts/fa-light-301.html]
[validthemes.live/themeforest/ambrox/assets/fonts/fa-regular-400.html]
[validthemes.live/themeforest/ambrox/assets/fonts/fa-solid-900.html]
[validthemes.live/themeforest/ambrox/assets/fonts/themify9f24.svg]
[validthemes.live/themeforest/ambrox/assets/fonts/ElegantIcons.svg]
[validthemes.live/themeforest/ambrox/assets/css/ElegantIcons.html]
[validthemes.live/themeforest/ambrox/assets/fonts/flaticon.svg]
[validthemes.live/themeforest/ambrox/assets/css/flaticon.html]
